// Vitest Snapshot v1

exports[`Header > renders the specified breadcrumbs above the title 1`] = `
<div>
  <div
    class="mantine-Group-root mantine-ogmezo"
  >
    <div
      class="mantine-Stack-root mantine-1178y6y"
    >
      <div
        class="mantine-Breadcrumbs-root mantine-1ujbd2v"
      >
        <a
          class="mantine-Text-root mantine-Anchor-root mantine-Breadcrumbs-breadcrumb mantine-1yycs9g"
        >
          One
        </a>
        <div
          class="mantine-Text-root mantine-Breadcrumbs-separator mantine-c5usyo"
        >
          /
        </div>
        <a
          class="mantine-Text-root mantine-Anchor-root mantine-Breadcrumbs-breadcrumb mantine-1yycs9g"
        >
          Two
        </a>
        <div
          class="mantine-Text-root mantine-Breadcrumbs-separator mantine-c5usyo"
        >
          /
        </div>
        <a
          class="mantine-Text-root mantine-Anchor-root mantine-Breadcrumbs-breadcrumb mantine-1yycs9g"
        >
          Three
        </a>
      </div>
      <div
        class="mantine-xg7kom"
      >
        <h1
          class="mantine-Text-root mantine-Title-root mantine-d1yoif"
        >
          Title
        </h1>
      </div>
      <div
        class="mantine-Text-root mantine-1w25z6f"
      />
    </div>
  </div>
</div>
`;
