// Jest Snapshot v1, https://goo.gl/fbAQLP

exports[`<ChartTooltip /> renders a tooltip when the user hover rectangles 1`] = `
<svg
  height="50"
  role="application"
  width="10"
>
  <g
    class="chart-tooltip-zones"
  >
    <circle
      cx="0"
      cy="0"
      fill="transparent"
      r="1"
    />
    <rect
      fill="transparent"
      height="50"
      width="0.8333333333333334"
      x="-0.8333333333333334"
      y="0"
    />
    <rect
      fill="transparent"
      height="50"
      width="0.8333333333333334"
      x="0"
      y="0"
    />
    <rect
      fill="transparent"
      height="50"
      width="0.8333333333333334"
      x="1.1666666666666665"
      y="0"
    />
    <rect
      fill="transparent"
      height="50"
      width="0.8333333333333334"
      x="2"
      y="0"
    />
    <rect
      fill="transparent"
      height="50"
      width="0.8333333333333334"
      x="3.1666666666666665"
      y="0"
    />
    <rect
      fill="transparent"
      height="50"
      width="0.8333333333333334"
      x="4"
      y="0"
    />
    <rect
      fill="transparent"
      height="50"
      width="0.8333333333333334"
      x="5.166666666666667"
      y="0"
    />
    <rect
      fill="transparent"
      height="50"
      width="0.8333333333333334"
      x="6"
      y="0"
    />
    <rect
      fill="transparent"
      height="50"
      width="0.8333333333333334"
      x="7.166666666666667"
      y="0"
    />
    <rect
      fill="transparent"
      height="50"
      width="0.8333333333333334"
      x="8"
      y="0"
    />
    <rect
      fill="transparent"
      height="50"
      width="0.8333333333333334"
      x="9.166666666666666"
      y="0"
    />
    <rect
      fill="transparent"
      height="50"
      width="0.8333333333333334"
      x="10"
      y="0"
    />
  </g>
</svg>
`;
