// Jest Snapshot v1, https://goo.gl/fbAQLP

exports[`<ScatterSeries /> should render a circle per point in every series 1`] = `
<svg
  height="50"
  role="application"
  width="10"
>
  <g
    class="scatter-series"
  >
    <circle
      cx="0"
      cy="1.5"
      fill="blue"
      r="3"
    />
    <circle
      cx="2"
      cy="1.5"
      fill="blue"
      r="3"
    />
    <circle
      cx="4"
      cy="3"
      fill="blue"
      r="3"
    />
    <circle
      cx="6"
      cy="1"
      fill="blue"
      r="3"
    />
    <circle
      cx="8"
      cy="6"
      fill="blue"
      r="3"
    />
    <circle
      cx="10"
      cy="4"
      fill="blue"
      r="3"
    />
    <circle
      cx="0"
      cy="2.5"
      fill="green"
      r="3"
    />
    <circle
      cx="2"
      cy="2"
      fill="green"
      r="3"
    />
    <circle
      cx="4"
      cy="0"
      fill="green"
      r="3"
    />
    <circle
      cx="6"
      cy="3"
      fill="green"
      r="3"
    />
    <circle
      cx="8"
      cy="3.5000000000000004"
      fill="green"
      r="3"
    />
    <circle
      cx="10"
      cy="2"
      fill="green"
      r="3"
    />
  </g>
</svg>
`;
