// Jest Snapshot v1, https://goo.gl/fbAQLP

exports[`<XYAxis /> should render as many x ticks as there are points in the scale from the context 1`] = `
<svg
  height="50"
  role="application"
  width="10"
>
  <g
    transform="translate(0,0)"
  />
  <g
    class="x-axis"
  >
    <line
      class="axis-line"
      stroke="black"
      x1="0"
      x2="10"
      y1="10"
      y2="10"
    />
    <g
      class="x-axis-tick"
      transform="translate(0,10)"
    >
      <line
        stroke="black"
        y1="0"
        y2="7"
      />
      0
    </g>
    <g
      class="x-axis-tick"
      transform="translate(2,10)"
    >
      <line
        stroke="black"
        y1="0"
        y2="7"
      />
    </g>
    <g
      class="x-axis-tick"
      transform="translate(4,10)"
    >
      <line
        stroke="black"
        y1="0"
        y2="7"
      />
      <text
        text-anchor="middle"
        y="22"
      >
        2
      </text>
    </g>
    <g
      class="x-axis-tick"
      transform="translate(6,10)"
    >
      <line
        stroke="black"
        y1="0"
        y2="7"
      />
    </g>
    <g
      class="x-axis-tick"
      transform="translate(8,10)"
    >
      <line
        stroke="black"
        y1="0"
        y2="7"
      />
      <text
        text-anchor="middle"
        y="22"
      >
        4
      </text>
    </g>
    <g
      class="x-axis-tick"
      transform="translate(10,10)"
    >
      <line
        stroke="black"
        y1="0"
        y2="7"
      />
    </g>
  </g>
</svg>
`;

exports[`<XYAxis /> should render as many y ticks as defined in the context 1`] = `
<svg
  height="50"
  role="application"
  width="10"
>
  <g
    transform="translate(0,0)"
  />
  <g
    class="y-axis"
  >
    <line
      class="axis-line"
      stroke="black"
      x1="-30"
      x2="-30"
      y1="50"
      y2="0"
    />
    <g
      class="y-axis-tick"
      transform="translate(-30,50)"
    >
      <line
        stroke="black"
        x1="0"
        x2="7"
      />
      <text
        text-anchor="start"
        x="12"
        y="5"
      >
        100
      </text>
    </g>
    <g
      class="y-axis-tick"
      transform="translate(-30,45)"
    >
      <line
        stroke="black"
        x1="0"
        x2="7"
      />
      <text
        text-anchor="start"
        x="12"
        y="5"
      >
        90
      </text>
    </g>
    <g
      class="y-axis-tick"
      transform="translate(-30,40)"
    >
      <line
        stroke="black"
        x1="0"
        x2="7"
      />
      <text
        text-anchor="start"
        x="12"
        y="5"
      >
        80
      </text>
    </g>
    <g
      class="y-axis-tick"
      transform="translate(-30,35)"
    >
      <line
        stroke="black"
        x1="0"
        x2="7"
      />
      <text
        text-anchor="start"
        x="12"
        y="5"
      >
        70
      </text>
    </g>
    <g
      class="y-axis-tick"
      transform="translate(-30,30)"
    >
      <line
        stroke="black"
        x1="0"
        x2="7"
      />
      <text
        text-anchor="start"
        x="12"
        y="5"
      >
        60
      </text>
    </g>
    <g
      class="y-axis-tick"
      transform="translate(-30,25)"
    >
      <line
        stroke="black"
        x1="0"
        x2="7"
      />
      <text
        text-anchor="start"
        x="12"
        y="5"
      >
        50
      </text>
    </g>
    <g
      class="y-axis-tick"
      transform="translate(-30,20)"
    >
      <line
        stroke="black"
        x1="0"
        x2="7"
      />
      <text
        text-anchor="start"
        x="12"
        y="5"
      >
        40
      </text>
    </g>
    <g
      class="y-axis-tick"
      transform="translate(-30,15)"
    >
      <line
        stroke="black"
        x1="0"
        x2="7"
      />
      <text
        text-anchor="start"
        x="12"
        y="5"
      >
        30
      </text>
    </g>
    <g
      class="y-axis-tick"
      transform="translate(-30,10)"
    >
      <line
        stroke="black"
        x1="0"
        x2="7"
      />
      <text
        text-anchor="start"
        x="12"
        y="5"
      >
        20
      </text>
    </g>
    <g
      class="y-axis-tick"
      transform="translate(-30,5)"
    >
      <line
        stroke="black"
        x1="0"
        x2="7"
      />
      <text
        text-anchor="start"
        x="12"
        y="5"
      >
        10
      </text>
    </g>
    <g
      class="y-axis-tick"
      transform="translate(-30,0)"
    >
      <line
        stroke="black"
        x1="0"
        x2="7"
      />
      <text
        text-anchor="start"
        x="12"
        y="5"
      >
        0
      </text>
    </g>
  </g>
</svg>
`;
